[12-Jan-2026 09:08:43 Europe/Berlin] PHP Fatal error:  Uncaught PDOException: SQLSTATE[42S22]: Column not found: 1054 Unknown column 'order_id' in 'field list' in C:\xampp\htdocs\Com3128 health website project\api\get-order.php:34
Stack trace:
#0 C:\xampp\htdocs\Com3128 health website project\api\get-order.php(34): PDOStatement->execute(Array)
#1 {main}
  thrown in C:\xampp\htdocs\Com3128 health website project\api\get-order.php on line 34
[12-Jan-2026 09:10:05 Europe/Berlin] PHP Fatal error:  Uncaught PDOException: SQLSTATE[42S22]: Column not found: 1054 Unknown column 'order_id' in 'field list' in C:\xampp\htdocs\Com3128 health website project\api\get-order.php:34
Stack trace:
#0 C:\xampp\htdocs\Com3128 health website project\api\get-order.php(34): PDOStatement->execute(Array)
#1 {main}
  thrown in C:\xampp\htdocs\Com3128 health website project\api\get-order.php on line 34
[12-Jan-2026 15:42:25 Europe/Berlin] PHP Fatal error:  Uncaught PDOException: SQLSTATE[42S22]: Column not found: 1054 Unknown column 'order_id' in 'field list' in C:\xampp\htdocs\Com3128 health website project\api\get-order.php:34
Stack trace:
#0 C:\xampp\htdocs\Com3128 health website project\api\get-order.php(34): PDOStatement->execute(Array)
#1 {main}
  thrown in C:\xampp\htdocs\Com3128 health website project\api\get-order.php on line 34
[12-Jan-2026 15:45:35 Europe/Berlin] PHP Fatal error:  Uncaught PDOException: SQLSTATE[42S22]: Column not found: 1054 Unknown column 'order_id' in 'field list' in C:\xampp\htdocs\Com3128 health website project\api\get-order.php:34
Stack trace:
#0 C:\xampp\htdocs\Com3128 health website project\api\get-order.php(34): PDOStatement->execute(Array)
#1 {main}
  thrown in C:\xampp\htdocs\Com3128 health website project\api\get-order.php on line 34
[12-Jan-2026 15:47:31 Europe/Berlin] PHP Fatal error:  Uncaught PDOException: SQLSTATE[42S22]: Column not found: 1054 Unknown column 'order_id' in 'field list' in C:\xampp\htdocs\Com3128 health website project\api\get-order.php:34
Stack trace:
#0 C:\xampp\htdocs\Com3128 health website project\api\get-order.php(34): PDOStatement->execute(Array)
#1 {main}
  thrown in C:\xampp\htdocs\Com3128 health website project\api\get-order.php on line 34
[12-Jan-2026 15:54:06 Europe/Berlin] PHP Fatal error:  Uncaught PDOException: SQLSTATE[42S22]: Column not found: 1054 Unknown column 'order_id' in 'field list' in C:\xampp\htdocs\Com3128 health website project\api\get-order.php:34
Stack trace:
#0 C:\xampp\htdocs\Com3128 health website project\api\get-order.php(34): PDOStatement->execute(Array)
#1 {main}
  thrown in C:\xampp\htdocs\Com3128 health website project\api\get-order.php on line 34
[12-Jan-2026 15:54:09 Europe/Berlin] PHP Fatal error:  Uncaught PDOException: SQLSTATE[42S22]: Column not found: 1054 Unknown column 'order_id' in 'field list' in C:\xampp\htdocs\Com3128 health website project\api\get-order.php:34
Stack trace:
#0 C:\xampp\htdocs\Com3128 health website project\api\get-order.php(34): PDOStatement->execute(Array)
#1 {main}
  thrown in C:\xampp\htdocs\Com3128 health website project\api\get-order.php on line 34
[12-Jan-2026 16:09:39 Europe/Berlin] PHP Fatal error:  Uncaught PDOException: SQLSTATE[42S22]: Column not found: 1054 Unknown column 'order_id' in 'field list' in C:\xampp\htdocs\Com3128 health website project\api\get-order.php:34
Stack trace:
#0 C:\xampp\htdocs\Com3128 health website project\api\get-order.php(34): PDOStatement->execute(Array)
#1 {main}
  thrown in C:\xampp\htdocs\Com3128 health website project\api\get-order.php on line 34
[12-Jan-2026 16:11:52 Europe/Berlin] PHP Fatal error:  Uncaught PDOException: SQLSTATE[42S22]: Column not found: 1054 Unknown column 'order_id' in 'field list' in C:\xampp\htdocs\Com3128 health website project\api\get-order.php:34
Stack trace:
#0 C:\xampp\htdocs\Com3128 health website project\api\get-order.php(34): PDOStatement->execute(Array)
#1 {main}
  thrown in C:\xampp\htdocs\Com3128 health website project\api\get-order.php on line 34
[12-Jan-2026 16:27:58 Europe/Berlin] PHP Fatal error:  Uncaught PDOException: SQLSTATE[42S22]: Column not found: 1054 Unknown column 'status' in 'field list' in C:\xampp\htdocs\Com3128 health website project\api\get-order.php:34
Stack trace:
#0 C:\xampp\htdocs\Com3128 health website project\api\get-order.php(34): PDOStatement->execute(Array)
#1 {main}
  thrown in C:\xampp\htdocs\Com3128 health website project\api\get-order.php on line 34
[12-Jan-2026 16:30:32 Europe/Berlin] PHP Fatal error:  Uncaught PDOException: SQLSTATE[42S22]: Column not found: 1054 Unknown column 'status' in 'field list' in C:\xampp\htdocs\Com3128 health website project\api\get-order.php:34
Stack trace:
#0 C:\xampp\htdocs\Com3128 health website project\api\get-order.php(34): PDOStatement->execute(Array)
#1 {main}
  thrown in C:\xampp\htdocs\Com3128 health website project\api\get-order.php on line 34
[12-Jan-2026 16:33:02 Europe/Berlin] PHP Fatal error:  Uncaught PDOException: SQLSTATE[42S22]: Column not found: 1054 Unknown column 'created_at' in 'field list' in C:\xampp\htdocs\Com3128 health website project\api\get-order.php:34
Stack trace:
#0 C:\xampp\htdocs\Com3128 health website project\api\get-order.php(34): PDOStatement->execute(Array)
#1 {main}
  thrown in C:\xampp\htdocs\Com3128 health website project\api\get-order.php on line 34
[12-Jan-2026 16:33:23 Europe/Berlin] PHP Fatal error:  Uncaught PDOException: SQLSTATE[42S22]: Column not found: 1054 Unknown column 'created_at' in 'field list' in C:\xampp\htdocs\Com3128 health website project\api\get-order.php:34
Stack trace:
#0 C:\xampp\htdocs\Com3128 health website project\api\get-order.php(34): PDOStatement->execute(Array)
#1 {main}
  thrown in C:\xampp\htdocs\Com3128 health website project\api\get-order.php on line 34
[12-Jan-2026 16:35:05 Europe/Berlin] PHP Warning:  Undefined array key "order_id" in C:\xampp\htdocs\Com3128 health website project\api\get-order.php on line 50
[12-Jan-2026 16:35:05 Europe/Berlin] PHP Fatal error:  Uncaught PDOException: SQLSTATE[42S22]: Column not found: 1054 Unknown column 'p.name' in 'field list' in C:\xampp\htdocs\Com3128 health website project\api\get-order.php:50
Stack trace:
#0 C:\xampp\htdocs\Com3128 health website project\api\get-order.php(50): PDOStatement->execute(Array)
#1 {main}
  thrown in C:\xampp\htdocs\Com3128 health website project\api\get-order.php on line 50
[12-Jan-2026 16:35:08 Europe/Berlin] PHP Warning:  Undefined array key "order_id" in C:\xampp\htdocs\Com3128 health website project\api\get-order.php on line 50
[12-Jan-2026 16:35:08 Europe/Berlin] PHP Fatal error:  Uncaught PDOException: SQLSTATE[42S22]: Column not found: 1054 Unknown column 'p.name' in 'field list' in C:\xampp\htdocs\Com3128 health website project\api\get-order.php:50
Stack trace:
#0 C:\xampp\htdocs\Com3128 health website project\api\get-order.php(50): PDOStatement->execute(Array)
#1 {main}
  thrown in C:\xampp\htdocs\Com3128 health website project\api\get-order.php on line 50
[12-Jan-2026 16:37:27 Europe/Berlin] PHP Warning:  Undefined array key "order_id" in C:\xampp\htdocs\Com3128 health website project\api\get-order.php on line 50
[12-Jan-2026 16:37:27 Europe/Berlin] PHP Warning:  Undefined array key "order_id" in C:\xampp\htdocs\Com3128 health website project\api\get-order.php on line 50
[12-Jan-2026 16:37:27 Europe/Berlin] PHP Warning:  Undefined array key "order_id" in C:\xampp\htdocs\Com3128 health website project\api\get-order.php on line 50
[12-Jan-2026 16:37:28 Europe/Berlin] PHP Warning:  Undefined array key "order_id" in C:\xampp\htdocs\Com3128 health website project\api\get-order.php on line 50
[12-Jan-2026 16:37:28 Europe/Berlin] PHP Warning:  Undefined array key "order_id" in C:\xampp\htdocs\Com3128 health website project\api\get-order.php on line 50
[12-Jan-2026 16:37:28 Europe/Berlin] PHP Warning:  Undefined array key "order_id" in C:\xampp\htdocs\Com3128 health website project\api\get-order.php on line 50
[12-Jan-2026 16:39:31 Europe/Berlin] PHP Warning:  Undefined array key "order_id" in C:\xampp\htdocs\Com3128 health website project\api\get-order.php on line 50
[12-Jan-2026 16:39:31 Europe/Berlin] PHP Fatal error:  Uncaught PDOException: SQLSTATE[42S22]: Column not found: 1054 Unknown column 'oi.orders_id' in 'where clause' in C:\xampp\htdocs\Com3128 health website project\api\get-order.php:50
Stack trace:
#0 C:\xampp\htdocs\Com3128 health website project\api\get-order.php(50): PDOStatement->execute(Array)
#1 {main}
  thrown in C:\xampp\htdocs\Com3128 health website project\api\get-order.php on line 50
[12-Jan-2026 16:43:48 Europe/Berlin] PHP Warning:  Undefined array key "order_id" in C:\xampp\htdocs\Com3128 health website project\api\get-order.php on line 50
[12-Jan-2026 16:43:48 Europe/Berlin] PHP Warning:  Undefined array key "order_id" in C:\xampp\htdocs\Com3128 health website project\api\get-order.php on line 50
[12-Jan-2026 16:43:48 Europe/Berlin] PHP Warning:  Undefined array key "order_id" in C:\xampp\htdocs\Com3128 health website project\api\get-order.php on line 50
[12-Jan-2026 17:02:47 Europe/Berlin] PHP Warning:  Undefined array key "order_id" in C:\xampp\htdocs\Com3128 health website project\api\get-order.php on line 50
[12-Jan-2026 17:02:47 Europe/Berlin] PHP Warning:  Undefined array key "order_id" in C:\xampp\htdocs\Com3128 health website project\api\get-order.php on line 50
[12-Jan-2026 17:02:47 Europe/Berlin] PHP Warning:  Undefined array key "order_id" in C:\xampp\htdocs\Com3128 health website project\api\get-order.php on line 50
[12-Jan-2026 17:09:20 Europe/Berlin] PHP Warning:  Undefined array key "order_id" in C:\xampp\htdocs\Com3128 health website project\api\get-order.php on line 50
[12-Jan-2026 17:09:20 Europe/Berlin] PHP Warning:  Undefined array key "order_id" in C:\xampp\htdocs\Com3128 health website project\api\get-order.php on line 50
[12-Jan-2026 17:09:20 Europe/Berlin] PHP Warning:  Undefined array key "order_id" in C:\xampp\htdocs\Com3128 health website project\api\get-order.php on line 50
[12-Jan-2026 17:09:20 Europe/Berlin] PHP Warning:  Undefined array key "order_id" in C:\xampp\htdocs\Com3128 health website project\api\get-order.php on line 50
[12-Jan-2026 17:16:52 Europe/Berlin] PHP Warning:  Undefined array key "order_id" in C:\xampp\htdocs\Com3128 health website project\api\get-order.php on line 50
[12-Jan-2026 17:16:52 Europe/Berlin] PHP Warning:  Undefined array key "order_id" in C:\xampp\htdocs\Com3128 health website project\api\get-order.php on line 50
[12-Jan-2026 17:16:52 Europe/Berlin] PHP Warning:  Undefined array key "order_id" in C:\xampp\htdocs\Com3128 health website project\api\get-order.php on line 50
[12-Jan-2026 17:16:52 Europe/Berlin] PHP Warning:  Undefined array key "order_id" in C:\xampp\htdocs\Com3128 health website project\api\get-order.php on line 50
[12-Jan-2026 17:16:58 Europe/Berlin] PHP Warning:  Undefined array key "order_id" in C:\xampp\htdocs\Com3128 health website project\api\get-order.php on line 50
[12-Jan-2026 17:16:58 Europe/Berlin] PHP Warning:  Undefined array key "order_id" in C:\xampp\htdocs\Com3128 health website project\api\get-order.php on line 50
[12-Jan-2026 17:16:58 Europe/Berlin] PHP Warning:  Undefined array key "order_id" in C:\xampp\htdocs\Com3128 health website project\api\get-order.php on line 50
[12-Jan-2026 17:16:58 Europe/Berlin] PHP Warning:  Undefined array key "order_id" in C:\xampp\htdocs\Com3128 health website project\api\get-order.php on line 50
[26-Aug-2026 00:57:41 Europe/Berlin] PHP Fatal error:  Uncaught PDOException: SQLSTATE[42S22]: Column not found: 1054 Unknown column 'order_id' in 'field list' in C:\xampp\htdocs\health-website-project\api\get-order.php:34
Stack trace:
#0 C:\xampp\htdocs\health-website-project\api\get-order.php(34): PDOStatement->execute(Array)
#1 {main}
  thrown in C:\xampp\htdocs\health-website-project\api\get-order.php on line 34
[02-Sep-2026 21:38:06 Europe/Berlin] PHP Fatal error:  Uncaught PDOException: SQLSTATE[42S22]: Column not found: 1054 Unknown column 'order_id' in 'field list' in C:\xampp\htdocs\health-website-project\api\get-order.php:34
Stack trace:
#0 C:\xampp\htdocs\health-website-project\api\get-order.php(34): PDOStatement->execute(Array)
#1 {main}
  thrown in C:\xampp\htdocs\health-website-project\api\get-order.php on line 34
[02-Sep-2026 21:38:19 Europe/Berlin] PHP Fatal error:  Uncaught PDOException: SQLSTATE[42S22]: Column not found: 1054 Unknown column 'order_id' in 'field list' in C:\xampp\htdocs\health-website-project\api\get-order.php:34
Stack trace:
#0 C:\xampp\htdocs\health-website-project\api\get-order.php(34): PDOStatement->execute(Array)
#1 {main}
  thrown in C:\xampp\htdocs\health-website-project\api\get-order.php on line 34
[02-Sep-2026 21:38:39 Europe/Berlin] PHP Fatal error:  Uncaught PDOException: SQLSTATE[42S22]: Column not found: 1054 Unknown column 'order_id' in 'field list' in C:\xampp\htdocs\health-website-project\api\get-order.php:34
Stack trace:
#0 C:\xampp\htdocs\health-website-project\api\get-order.php(34): PDOStatement->execute(Array)
#1 {main}
  thrown in C:\xampp\htdocs\health-website-project\api\get-order.php on line 34
[02-Sep-2026 21:47:06 Europe/Berlin] PHP Fatal error:  Uncaught PDOException: SQLSTATE[42S22]: Column not found: 1054 Unknown column 'order_id' in 'field list' in C:\xampp\htdocs\health-website-project\api\get-order.php:34
Stack trace:
#0 C:\xampp\htdocs\health-website-project\api\get-order.php(34): PDOStatement->execute(Array)
#1 {main}
  thrown in C:\xampp\htdocs\health-website-project\api\get-order.php on line 34
[02-Sep-2026 21:48:43 Europe/Berlin] PHP Warning:  Undefined array key "order_id" in C:\xampp\htdocs\health-website-project\api\get-order.php on line 50
[02-Sep-2026 21:48:43 Europe/Berlin] PHP Fatal error:  Uncaught PDOException: SQLSTATE[42S22]: Column not found: 1054 Unknown column 'p.name' in 'field list' in C:\xampp\htdocs\health-website-project\api\get-order.php:50
Stack trace:
#0 C:\xampp\htdocs\health-website-project\api\get-order.php(50): PDOStatement->execute(Array)
#1 {main}
  thrown in C:\xampp\htdocs\health-website-project\api\get-order.php on line 50
[02-Sep-2026 21:50:34 Europe/Berlin] PHP Warning:  Undefined array key "order_id" in C:\xampp\htdocs\health-website-project\api\get-order.php on line 50
[02-Sep-2026 21:50:34 Europe/Berlin] PHP Fatal error:  Uncaught PDOException: SQLSTATE[42S22]: Column not found: 1054 Unknown column 'oi.orders_id' in 'where clause' in C:\xampp\htdocs\health-website-project\api\get-order.php:50
Stack trace:
#0 C:\xampp\htdocs\health-website-project\api\get-order.php(50): PDOStatement->execute(Array)
#1 {main}
  thrown in C:\xampp\htdocs\health-website-project\api\get-order.php on line 50
[02-Sep-2026 21:51:14 Europe/Berlin] PHP Fatal error:  Uncaught PDOException: SQLSTATE[42S22]: Column not found: 1054 Unknown column 'oi.orders_id' in 'where clause' in C:\xampp\htdocs\health-website-project\api\get-order.php:50
Stack trace:
#0 C:\xampp\htdocs\health-website-project\api\get-order.php(50): PDOStatement->execute(Array)
#1 {main}
  thrown in C:\xampp\htdocs\health-website-project\api\get-order.php on line 50
